[quadotcapital.com/index.html]
[backblue.gif]
[fade.gif]
[index.html]
[quadotcapital.com/wp-content/uploads/2020/05/5ec6cf6788417.jpg]
[quadotcapital.com/comments/feed/index.html]
[quadotcapital.com/feed/index.html]
[quadotcapital.com/wp-includes/js/jquery/jquery4a5f.js]
[quadotcapital.com/wp-includes/js/jquery/jquery-migrate.min330a.js]
[quadotcapital.com/wp-content/plugins/elementor/assets/lib/font-awesome/js/v4-shims.minf5ae.js]
[quadotcapital.com/wp-json/index.html]
[quadotcapital.com/wp-json/oembed/1.0/embedfd95.json]
[quadotcapital.com/wp-json/oembed/1.0/embed5328]
[quadotcapital.com/wp-content/uploads/2020/05/cropped-Color-logo-with-background-32x32.png]
[quadotcapital.com/wp-content/uploads/2020/05/cropped-Color-logo-with-background-192x192.png]
[quadotcapital.com/wp-content/uploads/2020/05/cropped-Color-logo-with-background-180x180.png]
[quadotcapital.com/wp-content/uploads/2020/05/Color-logo-with-background.png]
[quadotcapital.com/wp-content/uploads/2020/05/indianapolis-skyline.jpg]
[quadotcapital.com/about/index.html]
[connect.facebook.net/en_US/sdk.js]
[quadotcapital.com/factoring/index.html]
[quadotcapital.com/a-r-financing/index.html]
[app.adacomply.io/embed/init.js]
[quadotcapital.com/equipment-financing/index.html]
[quadotcapital.com/healthcare-financing/index.html]
[quadotcapital.com/franchise-financing/index.html]
[quadotcapital.com/wp-content/plugins/mystickymenu/js/detectmobilebrowserfc3c.js]
[quadotcapital.com/merchant-cash-advance/index.html]
[quadotcapital.com/unsecured-business-lines-of-credit/index.html]
[quadotcapital.com/wp-content/plugins/mystickymenu/js/mystickymenu.minfc3c.js]
[quadotcapital.com/purchase-order-financing/index.html]
[quadotcapital.com/sba-lending/index.html]
[quadotcapital.com/wp-content/plugins/wpfront-scroll-top/js/wpfront-scroll-top.min4c56.js]
[quadotcapital.com/cmbs-loan/index.html]
[quadotcapital.com/commercial-construction-loans/index.html]
[quadotcapital.com/wp-content/themes/neve/assets/js/build/modern/frontend653d.js]
[quadotcapital.com/hud-fha-loans/index.html]
[quadotcapital.com/wp-includes/js/comment-reply.min03e2.js]
[quadotcapital.com/fix-flip/index.html]
[quadotcapital.com/cre-loan/index.html]
[quadotcapital.com/partner-program/index.html]
[quadotcapital.com/wp-content/plugins/elementskit-lite/libs/framework/assets/js/frontend-script1c12.js]
[quadotcapital.com/project-financing/indexd41d.html]
[quadotcapital.com/church-financing/index.html]
[quadotcapital.com/wp-content/plugins/elementskit-lite/widgets/init/assets/js/ekit-core.2d03e2.delayed]
[quadotcapital.com/alternative-funding-sources/index.html]
[quadotcapital.com/equity-and-mezzanine-financing/index.html]
[quadotcapital.com/international-financing/index.html]
[quadotcapital.com/wp-content/plugins/happy-elementor-addons/assets/vendor/anime/lib/anime.min195f.js]
[quadotcapital.com/privacy-policy/index.html]
[quadotcapital.com/wp-content/plugins/elementor/assets/js/webpack.runtime.minaeb9.js]
[quadotcapital.com/wp-includes/js/jquery/ui/position.mine899.js]
[quadotcapital.com/wp-content/plugins/elementor/assets/lib/dialog/dialog.mina288.js]
[quadotcapital.com/wp-content/plugins/elementor/assets/lib/waypoints/waypoints.min05da.js]
[quadotcapital.com/wp-content/plugins/elementor/assets/lib/share-link/share-link.minaeb9.js]
[quadotcapital.com/wp-content/plugins/elementor/assets/lib/swiper/swiper.min48f5.js]
[quadotcapital.com/wp-content/plugins/elementor/assets/js/frontend.minaeb9.js]
[quadotcapital.com/wp-content/plugins/happy-elementor-addons/assets/js/happy-addons.min195f.js]
[quadotcapital.com/wp-includes/js/wp-embed.min03e2.js]
[quadotcapital.com/wp-content/uploads/essential-addons-elementor/cb70d11b8.minf5ae.js]
[quadotcapital.com/wp-content/plugins/elementskit-lite/widgets/init/assets/js/elementor1c12.js]
[quadotcapital.com/wp-content/plugins/elementor/assets/js/preloaded-elements-handlers.minaeb9.js]
[quadotcapital.com/wp-includes/js/underscore.min4511.js]
[quadotcapital.com/wp-includes/js/wp-util.min03e2.js]
[quadotcapital.com/wp-content/plugins/wpforms-lite/assets/js/integrations/elementor/frontend.minf343.js]
[quadotcapital.com/wp-content/plugins/elementskit-lite/modules/controls/assets/js/widgetarea-editor1c12.js]
[quadotcapital.com/index.html]
[quadotcapital.com/wp-includes/css/dist/block-library/style.min03e2.css]
[quadotcapital.com/wp-content/plugins/cresta-facebook-messenger/css/cresta-social-messenger-front-css.min7359.css]
[quadotcapital.com/wp-content/plugins/wpfront-scroll-top/css/wpfront-scroll-top.min4c56.css]
[widget-v4.tidiochat.com/1_70_0/static/js/render.b2fd506029d0819bfa70.js]
[quadotcapital.com/wp-content/plugins/elementor/assets/lib/font-awesome/fonts/fontawesome-webfont3e6e.eot]
[quadotcapital.com/wp-content/plugins/elementor/assets/lib/font-awesome/fonts/fontawesome-webfontd41d.eot]
[quadotcapital.com/wp-content/plugins/elementor/assets/lib/font-awesome/fonts/fontawesome-webfont3e6e.woff2]
[quadotcapital.com/wp-content/plugins/elementor/assets/lib/font-awesome/fonts/fontawesome-webfont3e6e.woff]
[quadotcapital.com/wp-content/plugins/elementor/assets/lib/font-awesome/fonts/fontawesome-webfont3e6e.ttf]
[quadotcapital.com/wp-content/plugins/elementor/assets/lib/font-awesome/css/font-awesome.min1849.css]
[quadotcapital.com/wp-content/uploads/essential-addons-elementor/cb70d11b8.minf5ae.css]
[quadotcapital.com/wp-content/themes/neve/style.min653d.css]
[quadotcapital.com/wp-content/plugins/elementskit-lite/modules/controls/assets/fonts/elementskit97ac.woff]
[quadotcapital.com/wp-content/plugins/elementskit-lite/modules/controls/assets/css/ekiticons03e2.css]
[quadotcapital.com/wp-content/plugins/elementor/assets/lib/eicons/fonts/eiconsa481.eot]
[quadotcapital.com/wp-content/plugins/elementor/assets/lib/eicons/fonts/eiconsa481.woff2]
[quadotcapital.com/wp-content/plugins/elementor/assets/lib/eicons/fonts/eiconsa481.woff]
[quadotcapital.com/wp-content/plugins/elementor/assets/lib/eicons/fonts/eiconsa481.ttf]
[quadotcapital.com/wp-content/plugins/elementor/assets/lib/eicons/css/elementor-icons.min21f9.css]
[quadotcapital.com/wp-content/plugins/elementor/assets/lib/animations/animations.minaeb9.css]
[quadotcapital.com/wp-content/plugins/elementor/assets/css/frontend-legacy.minaeb9.css]
[quadotcapital.com/wp-content/plugins/elementor/assets/css/frontend.minaeb9.css]
[quadotcapital.com/wp-content/uploads/elementor/css/post-17e425.css]
[quadotcapital.com/wp-content/plugins/elementor/assets/lib/font-awesome/webfonts/fa-brands-400.eot]
[quadotcapital.com/wp-content/plugins/elementor/assets/lib/font-awesome/webfonts/fa-brands-400d41d.eot]
[quadotcapital.com/wp-content/plugins/elementor/assets/lib/font-awesome/webfonts/fa-brands-400.woff2]
[quadotcapital.com/wp-content/plugins/elementor/assets/lib/font-awesome/webfonts/fa-brands-400.woff]
[quadotcapital.com/wp-content/plugins/elementor/assets/lib/font-awesome/webfonts/fa-brands-400.ttf]
[quadotcapital.com/wp-content/plugins/elementor/assets/lib/font-awesome/webfonts/fa-regular-400.eot]
[quadotcapital.com/wp-content/plugins/elementor/assets/lib/font-awesome/webfonts/fa-regular-400d41d.eot]
[quadotcapital.com/wp-content/plugins/elementor/assets/lib/font-awesome/webfonts/fa-regular-400.woff2]
[quadotcapital.com/wp-content/plugins/elementor/assets/lib/font-awesome/webfonts/fa-regular-400.woff]
[quadotcapital.com/wp-content/plugins/elementor/assets/lib/font-awesome/webfonts/fa-regular-400.ttf]
[quadotcapital.com/wp-content/plugins/elementor/assets/lib/font-awesome/webfonts/fa-solid-900.eot]
[quadotcapital.com/wp-content/plugins/elementor/assets/lib/font-awesome/webfonts/fa-solid-900d41d.eot]
[quadotcapital.com/wp-content/plugins/elementor/assets/lib/font-awesome/webfonts/fa-solid-900.woff2]
[quadotcapital.com/wp-content/plugins/elementor/assets/lib/font-awesome/webfonts/fa-solid-900.woff]
[quadotcapital.com/wp-content/plugins/elementor/assets/lib/font-awesome/webfonts/fa-solid-900.ttf]
[quadotcapital.com/wp-content/plugins/elementor/assets/lib/font-awesome/css/all.minf5ae.css]
[quadotcapital.com/wp-content/plugins/elementor/assets/lib/font-awesome/css/v4-shims.minf5ae.css]
[quadotcapital.com/wp-content/plugins/elementskit-lite/modules/controls/assets/css/widgetarea-editor1c12.css]
[quadotcapital.com/wp-content/uploads/elementor/css/globalbddc.css]
[quadotcapital.com/wp-content/uploads/elementor/css/post-172b62d.css]
[quadotcapital.com/wp-content/plugins/happy-elementor-addons/assets/fonts/happy-icons41aa.eot]
[quadotcapital.com/wp-content/plugins/happy-elementor-addons/assets/fonts/happy-icons41aa.ttf]
[quadotcapital.com/wp-content/plugins/happy-elementor-addons/assets/fonts/happy-icons41aa.woff]
[quadotcapital.com/wp-content/plugins/happy-elementor-addons/assets/fonts/style.min195f.css]
[quadotcapital.com/wp-content/uploads/happyaddons/cache/happy-1724e71.css]
[quadotcapital.com/wp-content/plugins/elementskit-lite/widgets/init/assets/img/arrow.png]
[quadotcapital.com/wp-content/plugins/elementskit-lite/widgets/init/assets/img/sort_asc.png]
[quadotcapital.com/wp-content/plugins/elementskit-lite/widgets/init/assets/img/sort_desc.png]
[quadotcapital.com/wp-content/plugins/elementskit-lite/widgets/init/assets/img/sort_asc_disabled.png]
[quadotcapital.com/wp-content/plugins/elementskit-lite/widgets/init/assets/css/ekit-core1c12.css]
[quadotcapital.com/wp-content/micro-themes/active-stylesb885.css]
[quadotcapital.com/wp-content/plugins/elementor/assets/lib/font-awesome/css/fontawesome.min9e0b.css]
[quadotcapital.com/wp-content/plugins/elementor/assets/lib/font-awesome/css/solid.min9e0b.css]
[quadotcapital.com/wp-content/plugins/elementskit-lite/modules/controls/assets/css/ekiticonsad76.css]
[quadotcapital.com/wp-content/uploads/elementor/thumbs/quadot-opqm2gu287wejikot1zki6fz0vyiznh55ihnt4w7hw.png]
[quadotcapital.com/wp-includes/wlwmanifest.xml]
[quadotcapital.com/wp-content/plugins/elementor/assets/lib/font-awesome/js/v4-shims.minb511.js]
[quadotcapital.com/wp-json/oembed/1.0/embed8114.json]
[quadotcapital.com/wp-json/oembed/1.0/embed9dc0]
[quadotcapital.com/about/index.html]
[quadotcapital.com/wp-json/oembed/1.0/embed5d21.json]
[quadotcapital.com/wp-json/oembed/1.0/embed41a7]
[quadotcapital.com/wp-content/uploads/essential-addons-elementor/a6fc6ebfa.minb511.js]
[quadotcapital.com/factoring/index.html]
[quadotcapital.com/wp-content/plugins/elementor/assets/lib/font-awesome/js/v4-shims.mine68f.js]
[quadotcapital.com/wp-json/oembed/1.0/embed8e59.json]
[quadotcapital.com/wp-json/oembed/1.0/embed2f38]
[quadotcapital.com/wp-content/uploads/essential-addons-elementor/3047957e4.mine68f.js]
[quadotcapital.com/a-r-financing/index.html]
[quadotcapital.com/wp-content/plugins/elementor/assets/lib/font-awesome/js/v4-shims.min606d.js]
[quadotcapital.com/wp-json/oembed/1.0/embed02fd.json]
[quadotcapital.com/wp-json/oembed/1.0/embeda2ec]
[quadotcapital.com/wp-content/uploads/essential-addons-elementor/c1985500b.min606d.js]
[quadotcapital.com/equipment-financing/index.html]
[quadotcapital.com/wp-content/plugins/elementor/assets/lib/font-awesome/js/v4-shims.minbdba.js]
[quadotcapital.com/wp-json/oembed/1.0/embed186c.json]
[quadotcapital.com/wp-json/oembed/1.0/embed3851]
[quadotcapital.com/wp-content/uploads/essential-addons-elementor/cc62a1c14.minbdba.js]
[quadotcapital.com/franchise-financing/index.html]
[quadotcapital.com/wp-json/oembed/1.0/embed3754.json]
[quadotcapital.com/wp-json/oembed/1.0/embed91fd]
[quadotcapital.com/wp-content/uploads/essential-addons-elementor/baa1a18c6.minbdba.js]
[quadotcapital.com/healthcare-financing/index.html]
[quadotcapital.com/wp-content/plugins/elementor/assets/lib/font-awesome/js/v4-shims.minf26b.js]
[quadotcapital.com/wp-json/oembed/1.0/embedc402.json]
[quadotcapital.com/wp-json/oembed/1.0/embedab8c]
[quadotcapital.com/wp-content/uploads/essential-addons-elementor/57dbb5e0c.minf26b.js]
[quadotcapital.com/merchant-cash-advance/index.html]
[quadotcapital.com/wp-content/plugins/elementor/assets/lib/font-awesome/js/v4-shims.mind4b9.js]
[quadotcapital.com/wp-json/oembed/1.0/embed3ef0.json]
[quadotcapital.com/wp-json/oembed/1.0/embed0c51]
[quadotcapital.com/wp-content/uploads/essential-addons-elementor/044f890ba.mind4b9.js]
[quadotcapital.com/unsecured-business-lines-of-credit/index.html]
[quadotcapital.com/wp-content/plugins/elementor/assets/lib/font-awesome/js/v4-shims.min0729.js]
[quadotcapital.com/wp-json/oembed/1.0/embedf3a5.json]
[quadotcapital.com/wp-json/oembed/1.0/embed96e1]
[quadotcapital.com/wp-content/uploads/essential-addons-elementor/c57849650.min0729.js]
[quadotcapital.com/purchase-order-financing/index.html]
[quadotcapital.com/wp-content/uploads/2020/05/machinetools.jpg]
[quadotcapital.com/wp-json/oembed/1.0/embed5bef.json]
[quadotcapital.com/wp-json/oembed/1.0/embed7346]
[quadotcapital.com/wp-content/uploads/2020/05/loan-agreement.jpg]
[quadotcapital.com/wp-content/uploads/2020/05/cre.jpg]
[quadotcapital.com/wp-content/uploads/essential-addons-elementor/6340673c4.min283a.js]
[quadotcapital.com/sba-lending/index.html]
[quadotcapital.com/wp-content/plugins/elementor/assets/lib/font-awesome/js/v4-shims.minb7f8.js]
[quadotcapital.com/wp-json/oembed/1.0/embedab34.json]
[quadotcapital.com/wp-json/oembed/1.0/embedc4a3]
[quadotcapital.com/wp-content/uploads/essential-addons-elementor/edb7afc74.minb2ea.js]
[quadotcapital.com/cmbs-loan/index.html]
[quadotcapital.com/wp-content/plugins/elementor/assets/lib/font-awesome/js/v4-shims.minb2ea.js]
[quadotcapital.com/wp-json/oembed/1.0/embedb373.json]
[quadotcapital.com/wp-json/oembed/1.0/embeda73b]
[quadotcapital.com/wp-content/uploads/essential-addons-elementor/79830a682.minb2ea.js]
[quadotcapital.com/commercial-construction-loans/index.html]
[quadotcapital.com/wp-content/plugins/elementor/assets/lib/font-awesome/js/v4-shims.min9ca0.js]
[quadotcapital.com/wp-json/oembed/1.0/embedfda6.json]
[quadotcapital.com/wp-json/oembed/1.0/embedf00e]
[quadotcapital.com/wp-content/uploads/essential-addons-elementor/e6990fda0.min9ca0.js]
[quadotcapital.com/hud-fha-loans/index.html]
[quadotcapital.com/wp-content/plugins/elementor/assets/lib/font-awesome/js/v4-shims.min74c8.js]
[quadotcapital.com/wp-json/oembed/1.0/embed1c93.json]
[quadotcapital.com/wp-json/oembed/1.0/embed4294]
[quadotcapital.com/wp-content/uploads/essential-addons-elementor/fc5f2fea9.min74c8.js]
[quadotcapital.com/fix-flip/index.html]
[quadotcapital.com/wp-json/oembed/1.0/embedf6e5.json]
[quadotcapital.com/wp-json/oembed/1.0/embed8e4a]
[quadotcapital.com/wp-content/uploads/essential-addons-elementor/c96e9e063.mine75f.js]
[quadotcapital.com/cre-loan/index.html]
[quadotcapital.com/wp-content/plugins/elementor/assets/lib/font-awesome/js/v4-shims.mine75f.js]
[quadotcapital.com/wp-json/oembed/1.0/embed06e7.json]
[quadotcapital.com/wp-json/oembed/1.0/embed5d72]
[quadotcapital.com/wp-content/uploads/essential-addons-elementor/5b7cd2ba1.mine75f.js]
[quadotcapital.com/wp-content/plugins/wpforms-lite/assets/js/jquery.validate.minb3a6.js]
[quadotcapital.com/wp-content/plugins/wpforms-lite/assets/js/mailcheck.mincfa9.js]
[quadotcapital.com/wp-content/plugins/wpforms-lite/assets/js/wpformsf343.js]
[www.google.com/recaptcha/api6680.js]
[quadotcapital.com/partner-program/index.html]
[quadotcapital.com/project-financing/index.html]
[quadotcapital.com/wp-content/plugins/elementor/assets/lib/font-awesome/js/v4-shims.mincb47.js]
[quadotcapital.com/wp-json/oembed/1.0/embed3a8a.json]
[quadotcapital.com/wp-json/oembed/1.0/embedd73d]
[quadotcapital.com/wp-content/uploads/essential-addons-elementor/56bb6dce9.min3961.js]
[quadotcapital.com/project-financing/indexd41d.html]
[quadotcapital.com/wp-content/plugins/elementor/assets/lib/font-awesome/js/v4-shims.min3961.js]
[quadotcapital.com/wp-json/oembed/1.0/embeddd8d.json]
[quadotcapital.com/wp-json/oembed/1.0/embed762c]
[quadotcapital.com/wp-content/uploads/essential-addons-elementor/525b269a7.minbcac.js]
[quadotcapital.com/church-financing/index.html]
[quadotcapital.com/wp-content/plugins/elementor/assets/lib/font-awesome/js/v4-shims.minbcac.js]
[quadotcapital.com/wp-json/oembed/1.0/embede109.json]
[quadotcapital.com/wp-json/oembed/1.0/embed685f]
[quadotcapital.com/wp-content/uploads/essential-addons-elementor/864b10d54.minbcac.js]
[quadotcapital.com/alternative-funding-sources/index.html]
[quadotcapital.com/wp-content/plugins/elementor/assets/lib/font-awesome/js/v4-shims.min9ec4.js]
[quadotcapital.com/wp-json/oembed/1.0/embede391.json]
[quadotcapital.com/wp-json/oembed/1.0/embedcde5]
[quadotcapital.com/wp-content/uploads/essential-addons-elementor/4959a19ad.min9ec4.js]
[quadotcapital.com/equity-and-mezzanine-financing/index.html]
[quadotcapital.com/wp-content/plugins/elementor/assets/lib/font-awesome/js/v4-shims.min80e1.js]
[quadotcapital.com/wp-json/oembed/1.0/embedafbc.json]
[quadotcapital.com/wp-json/oembed/1.0/embed7caf]
[quadotcapital.com/wp-content/uploads/essential-addons-elementor/e79c8bab0.mina2e1.js]
[quadotcapital.com/international-financing/index.html]
[quadotcapital.com/wp-content/plugins/elementor/assets/lib/font-awesome/js/v4-shims.min2d06.js]
[quadotcapital.com/wp-json/oembed/1.0/embed9812.json]
[quadotcapital.com/wp-json/oembed/1.0/embed23a3]
[quadotcapital.com/wp-content/uploads/essential-addons-elementor/c70128820.minb07f.js]
[quadotcapital.com/privacy-policy/index.html]
[connect.facebook.net/en_US/sdk.js]
[quadotcapital.com/wp-content/plugins/elementor/assets/lib/font-awesome/fonts/fontawesome-webfont3e6e.svg]
[quadotcapital.com/wp-content/plugins/elementor/assets/lib/eicons/fonts/eiconsa481.svg]
[quadotcapital.com/wp-content/plugins/elementor/assets/lib/font-awesome/webfonts/fa-brands-400.svg]
[quadotcapital.com/wp-content/plugins/elementor/assets/lib/font-awesome/webfonts/fa-regular-400.svg]
[quadotcapital.com/wp-content/plugins/elementor/assets/js/frontend-modules.minaeb9.js]
[quadotcapital.com/wp-content/plugins/elementor/assets/lib/font-awesome/webfonts/fa-solid-900.svg]
[quadotcapital.com/wp-content/plugins/happy-elementor-addons/assets/fonts/happy-icons41aa.svg]
[quadotcapital.com/wp-content/plugins/elementskit-lite/widgets/init/assets/img/cross-out.svg]
[quadotcapital.com/wp-content/plugins/elementor/assets/lib/font-awesome/css/all.minb511.css]
[quadotcapital.com/wp-content/plugins/elementor/assets/lib/font-awesome/css/v4-shims.minb511.css]
[quadotcapital.com/wp-content/uploads/2020/05/newyork.png]
[quadotcapital.com/wp-content/uploads/elementor/css/post-1003480.css]
[quadotcapital.com/wp-content/uploads/happyaddons/cache/happy-100d9ca.css]
[quadotcapital.com/index3f5a.html]
[quadotcapital.com/wp-content/uploads/2020/06/5ed511492a407-930x576.jpg]
[quadotcapital.com/wp-content/uploads/essential-addons-elementor/bb1487356.minb511.js]
[quadotcapital.com/wp-content/uploads/2020/05/budget-planning.jpg]
[quadotcapital.com/wp-content/uploads/2020/05/skyscrapeers.jpg]
[quadotcapital.com/wp-content/uploads/elementor/css/post-3855e76.css]
[quadotcapital.com/wp-content/uploads/happyaddons/cache/happy-385f0b5.css]
[quadotcapital.com/indexf1ac.html]
[quadotcapital.com/wp-content/plugins/elementor/assets/lib/font-awesome/css/all.mine68f.css]
[quadotcapital.com/wp-content/plugins/elementor/assets/lib/font-awesome/css/v4-shims.mine68f.css]
[quadotcapital.com/wp-content/uploads/2020/05/account-recieveablebf.jpg]
[quadotcapital.com/wp-content/uploads/elementor/css/post-405df09.css]
[quadotcapital.com/wp-content/uploads/happyaddons/cache/happy-405fb9e.css]
[quadotcapital.com/index4efb.html]
[quadotcapital.com/wp-content/plugins/elementor/assets/lib/font-awesome/css/all.min606d.css]
[quadotcapital.com/wp-content/plugins/elementor/assets/lib/font-awesome/css/v4-shims.min606d.css]
[quadotcapital.com/wp-content/uploads/2020/05/truckcd.png]
[quadotcapital.com/wp-content/uploads/elementor/css/post-41315e8.css]
[quadotcapital.com/wp-content/uploads/happyaddons/cache/happy-413dd73.css]
[quadotcapital.com/index672e.html]
[quadotcapital.com/wp-content/plugins/elementor/assets/lib/font-awesome/css/all.minbdba.css]
[quadotcapital.com/wp-content/plugins/elementor/assets/lib/font-awesome/css/v4-shims.minbdba.css]
[quadotcapital.com/wp-content/uploads/2020/05/franchise-financing.jpg]
[quadotcapital.com/wp-content/uploads/elementor/css/post-2777cf0.css]
[quadotcapital.com/wp-content/uploads/happyaddons/cache/happy-277561f.css]
[quadotcapital.com/index9076.html]
[quadotcapital.com/wp-content/uploads/2020/05/healthcare-financing.jpg]
[quadotcapital.com/wp-content/uploads/elementor/css/post-426692a.css]
[quadotcapital.com/wp-content/uploads/happyaddons/cache/happy-426e561.css]
[quadotcapital.com/index2202.html]
[quadotcapital.com/wp-content/plugins/elementor/assets/lib/font-awesome/css/all.minf26b.css]
[quadotcapital.com/wp-content/plugins/elementor/assets/lib/font-awesome/css/v4-shims.minf26b.css]
[quadotcapital.com/wp-content/uploads/2020/06/5ed49eac0a09f.jpg]
[quadotcapital.com/wp-content/uploads/elementor/css/post-43297c2.css]
[quadotcapital.com/wp-content/uploads/happyaddons/cache/happy-4328e1f.css]
[quadotcapital.com/indexecc4.html]
[quadotcapital.com/wp-content/plugins/elementor/assets/lib/font-awesome/css/all.mind4b9.css]
[quadotcapital.com/wp-content/plugins/elementor/assets/lib/font-awesome/css/v4-shims.mind4b9.css]
[quadotcapital.com/wp-content/uploads/2020/06/5ed49ec73eb09.jpg]
[quadotcapital.com/wp-content/uploads/elementor/css/post-4364a53.css]
[quadotcapital.com/wp-content/uploads/happyaddons/cache/happy-43605ef.css]
[quadotcapital.com/indexc1f6.html]
[quadotcapital.com/wp-content/plugins/elementor/assets/lib/font-awesome/css/all.min0729.css]
[quadotcapital.com/wp-content/plugins/elementor/assets/lib/font-awesome/css/v4-shims.min0729.css]
[quadotcapital.com/wp-content/uploads/2020/06/5ed49ee760136.jpg]
[quadotcapital.com/wp-content/uploads/elementor/css/post-441f332.css]
[quadotcapital.com/wp-content/uploads/happyaddons/cache/happy-4410cea.css]
[quadotcapital.com/indexdf01.html]
[quadotcapital.com/wp-content/uploads/elementor/css/post-446e98a.css]
[quadotcapital.com/wp-content/uploads/happyaddons/cache/happy-4464a25.css]
[quadotcapital.com/index4fd2.html]
[quadotcapital.com/wp-content/uploads/essential-addons-elementor/edb7afc74.minb7f8.css]
[quadotcapital.com/wp-content/plugins/elementor/assets/lib/font-awesome/css/all.minb7f8.css]
[quadotcapital.com/wp-content/plugins/elementor/assets/lib/font-awesome/css/v4-shims.minb7f8.css]
[quadotcapital.com/wp-content/uploads/2020/05/solar-cmbs-loan.jpg]
[quadotcapital.com/wp-content/uploads/elementor/css/post-5757c75.css]
[quadotcapital.com/wp-content/uploads/happyaddons/cache/happy-57569b4.css]
[quadotcapital.com/indexa379.html]
[quadotcapital.com/wp-content/uploads/essential-addons-elementor/79830a682.minb2ea.css]
[quadotcapital.com/wp-content/plugins/elementor/assets/lib/font-awesome/css/all.minb2ea.css]
[quadotcapital.com/wp-content/plugins/elementor/assets/lib/font-awesome/css/v4-shims.minb2ea.css]
[quadotcapital.com/wp-content/uploads/2020/06/5ed49f5e184fa.jpg]
[quadotcapital.com/wp-content/uploads/elementor/css/post-6033f41.css]
[quadotcapital.com/wp-content/uploads/happyaddons/cache/happy-603404a.css]
[quadotcapital.com/index7aeb.html]
[quadotcapital.com/wp-content/uploads/essential-addons-elementor/e6990fda0.min9ca0.css]
[quadotcapital.com/wp-content/plugins/elementor/assets/lib/font-awesome/css/all.min9ca0.css]
[quadotcapital.com/wp-content/plugins/elementor/assets/lib/font-awesome/css/v4-shims.min9ca0.css]
[quadotcapital.com/wp-content/uploads/2020/06/Untitled-design-2.jpg]
[quadotcapital.com/wp-content/uploads/elementor/css/post-609d75c.css]
[quadotcapital.com/wp-content/uploads/happyaddons/cache/happy-6098be0.css]
[quadotcapital.com/index93f8.html]
[quadotcapital.com/wp-content/plugins/elementor/assets/lib/font-awesome/css/all.min74c8.css]
[quadotcapital.com/wp-content/plugins/elementor/assets/lib/font-awesome/css/v4-shims.min74c8.css]
[quadotcapital.com/wp-content/uploads/2020/06/flip-flop.jpg]
[quadotcapital.com/wp-content/uploads/2020/05/businessman-futuristic.jpg]
[quadotcapital.com/wp-content/uploads/elementor/css/post-6315d5d.css]
[quadotcapital.com/wp-content/uploads/happyaddons/cache/happy-631096f.css]
[quadotcapital.com/indexa123.html]
[quadotcapital.com/wp-content/uploads/essential-addons-elementor/c96e9e063.min74c8.css]
[quadotcapital.com/wp-content/uploads/2020/06/cre_loans.jpg]
[quadotcapital.com/wp-content/uploads/elementor/css/post-1031f7f8.css]
[quadotcapital.com/wp-content/uploads/happyaddons/cache/happy-1031be07.css]
[quadotcapital.com/index59fe.html]
[quadotcapital.com/wp-content/plugins/wpforms-lite/assets/css/wpforms-fullf343.css]
[quadotcapital.com/wp-content/uploads/essential-addons-elementor/5b7cd2ba1.mine75f.css]
[quadotcapital.com/wp-content/plugins/elementor/assets/lib/font-awesome/css/all.mine75f.css]
[quadotcapital.com/wp-content/plugins/elementor/assets/lib/font-awesome/css/v4-shims.mine75f.css]
[quadotcapital.com/wp-content/uploads/2020/06/5ed49f0ebf6da.jpg]
[quadotcapital.com/wp-content/uploads/elementor/css/post-563b46c.css]
[quadotcapital.com/wp-content/uploads/happyaddons/cache/happy-5636f5d.css]
[quadotcapital.com/index03c9.html]
[quadotcapital.com/wp-content/plugins/elementor/assets/lib/font-awesome/js/v4-shims.min10bd.js]
[quadotcapital.com/wp-content/uploads/essential-addons-elementor/56bb6dce9.min6872.js]
[quadotcapital.com/project-financing/index.html]
[quadotcapital.com/wp-content/uploads/essential-addons-elementor/56bb6dce9.mincb47.css]
[quadotcapital.com/wp-content/plugins/elementor/assets/lib/font-awesome/css/all.mincb47.css]
[quadotcapital.com/wp-content/plugins/elementor/assets/lib/font-awesome/css/v4-shims.mincb47.css]
[quadotcapital.com/wp-content/uploads/elementor/css/post-5297748.css]
[quadotcapital.com/wp-content/uploads/happyaddons/cache/happy-5297177.css]
[quadotcapital.com/indexb25f.html]
[quadotcapital.com/wp-content/uploads/essential-addons-elementor/525b269a7.min3961.css]
[quadotcapital.com/wp-content/plugins/elementor/assets/lib/font-awesome/css/all.min3961.css]
[quadotcapital.com/wp-content/plugins/elementor/assets/lib/font-awesome/css/v4-shims.min3961.css]
[quadotcapital.com/wp-content/uploads/2020/06/5ed6ba26aa3b2.jpg]
[quadotcapital.com/wp-content/uploads/elementor/css/post-5438d8e.css]
[quadotcapital.com/wp-content/uploads/happyaddons/cache/happy-54380d3.css]
[quadotcapital.com/indexc182.html]
[quadotcapital.com/wp-content/uploads/essential-addons-elementor/864b10d54.minbcac.css]
[quadotcapital.com/wp-content/plugins/elementor/assets/lib/font-awesome/css/all.minbcac.css]
[quadotcapital.com/wp-content/plugins/elementor/assets/lib/font-awesome/css/v4-shims.minbcac.css]
[quadotcapital.com/wp-content/uploads/elementor/css/post-54900d7.css]
[quadotcapital.com/wp-content/uploads/happyaddons/cache/happy-5495b72.css]
[quadotcapital.com/indexbcc1.html]
[quadotcapital.com/wp-content/uploads/essential-addons-elementor/4959a19ad.min9ec4.css]
[quadotcapital.com/wp-content/plugins/elementor/assets/lib/font-awesome/css/all.min9ec4.css]
[quadotcapital.com/wp-content/plugins/elementor/assets/lib/font-awesome/css/v4-shims.min9ec4.css]
[quadotcapital.com/wp-content/uploads/2020/06/mez-loan.jpg]
[quadotcapital.com/wp-content/uploads/elementor/css/post-6176149.css]
[quadotcapital.com/wp-content/uploads/happyaddons/cache/happy-617f9aa.css]
[quadotcapital.com/index5c49.html]
[quadotcapital.com/wp-content/uploads/essential-addons-elementor/e79c8bab0.min80e1.css]
[quadotcapital.com/wp-content/plugins/elementor/assets/lib/font-awesome/css/all.min80e1.css]
[quadotcapital.com/wp-content/plugins/elementor/assets/lib/font-awesome/css/v4-shims.min80e1.css]
[quadotcapital.com/wp-content/uploads/2020/06/1x.jpg]
[quadotcapital.com/wp-content/uploads/elementor/css/post-624d9f2.css]
[quadotcapital.com/wp-content/uploads/happyaddons/cache/happy-624cda8.css]
[quadotcapital.com/index5a14.html]
[quadotcapital.com/wp-content/plugins/elementor/assets/lib/font-awesome/css/all.min2d06.css]
[quadotcapital.com/wp-content/uploads/elementor/css/post-71828da.css]
[quadotcapital.com/wp-content/uploads/happyaddons/cache/happy-718e32b.css]
[quadotcapital.com/index12e9.html]
[quadotcapital.com/xmlrpc0db0.html]
[quadotcapital.com/wp-content/plugins/wpforms-lite/assets/images/times-solid-white.svg]
[quadotcapital.com/wp-content/uploads/essential-addons-elementor/56bb6dce9.min10bd.css]
[quadotcapital.com/wp-content/plugins/elementor/assets/lib/font-awesome/css/all.min10bd.css]
[quadotcapital.com/wp-content/plugins/elementor/assets/lib/font-awesome/css/v4-shims.min10bd.css]
[quadotcapital.com/contact-us/index.html]
[quadotcapital.com/wp-content/plugins/elementor/assets/lib/font-awesome/css/v4-shims.min2d06.css]
